0000                          .CPU   Z80   
8000                          .ORG   0x8000   
8000                          .ENGINE   test   
8000                             ; 
8000                             ; 
8000                PRINT_A_AS_HEX:      
8000   F5                     PUSH   AF   
8001   0F                     RRCA      
8002   0F                     RRCA      
8003   0F                     RRCA      
8004   0F                     RRCA      
8005   E6 0F                  AND   15   
8007   FE 0A                  CP   10   
8009   38 04                  JR   C,High_Digit_0_9   
800B   C6 37                  ADD   A,55   
800D   18 02                  JR   High_Print   
800F                HIGH_DIGIT_0_9:      
800F   C6 30                  ADD   A,48   
8011                HIGH_PRINT:      
8011   D3 01                  OUT   (1),A   
8013                             ; 
8013   F1                     POP   AF   
8014   E6 0F                  AND   15   
8016   FE 0A                  CP   10   
8018   38 04                  JR   C,Low_Digit_0_9   
801A   C6 37                  ADD   A,55   
801C   18 02                  JR   Low_Print   
801E                LOW_DIGIT_0_9:      
801E   C6 30                  ADD   A,48   
8020                LOW_PRINT:      
8020   D3 01                  OUT   (1),A   
8022   C9                     RET      
8023                             ; 
8023   DB 00        MAIN:     IN   A,(0)   
8025   E6 01                  AND   1   
8027   28 FA                  JR   Z,main   
8029   DB 01                  IN   A,(1)   
802B                             ;CALL PRINT_A_AS_HEX
802B   D3 01                  OUT   (1),A   
802D   EE 0D                  XOR   0x0D   
802F   20 F2                  JR   NZ,main   
8031   3E 0A                  LD   A,0x0A   
8033   D3 01                  OUT   (1),A   
8035   C3 23 80               JP   main   
8038                          .ENT   main   


PRINT_A_AS_HEX:     8000 DEFINED AT LINE 6
HIGH_DIGIT_0_9:     800F DEFINED AT LINE 17
                    > USED AT LINE 14
HIGH_PRINT:         8011 DEFINED AT LINE 19
                    > USED AT LINE 16
LOW_DIGIT_0_9:      801E DEFINED AT LINE 28
                    > USED AT LINE 25
LOW_PRINT:          8020 DEFINED AT LINE 30
                    > USED AT LINE 27
MAIN:               8023 DEFINED AT LINE 34
                    > USED AT LINE 36
                    > USED AT LINE 41
                    > USED AT LINE 44
                    > USED AT LINE 45
