0000                          .CPU   Z80   
8000                          .ORG   0x8000   
8000                          .ENGINE   test   
8000                             ; 
8000   92 C6 9C 22 A8 DB ED 7E 70 5F 71 BC FA 51 CA AC ORIGINAL_DATA:   DB   146,198,156,34,168,219,237,126,112,95,113,188,250,81,202,172   
8010   00 00 00 00 00 00 00 00 00 00 00 00 00 00 00 00 PROCESSED_DATA:   DB   0,0,0,0,0,0,0,0,0,0,0,0,0,0,0,0   
8020                             ; 
8020                PRINT_A_AS_HEX:      
8020   F5                     PUSH   AF   
8021   0F                     RRCA      
8022   0F                     RRCA      
8023   0F                     RRCA      
8024   0F                     RRCA      
8025   E6 0F                  AND   15   
8027   FE 0A                  CP   10   
8029   38 04                  JR   C,High_Digit_0_9   
802B   C6 37                  ADD   A,55   
802D   18 02                  JR   High_Print   
802F                HIGH_DIGIT_0_9:      
802F   C6 30                  ADD   A,48   
8031                HIGH_PRINT:      
8031   D3 01                  OUT   (1),A   
8033                             ; 
8033   F1                     POP   AF   
8034   E6 0F                  AND   15   
8036   FE 0A                  CP   10   
8038   38 04                  JR   C,Low_Digit_0_9   
803A   C6 37                  ADD   A,55   
803C   18 02                  JR   Low_Print   
803E                LOW_DIGIT_0_9:      
803E   C6 30                  ADD   A,48   
8040                LOW_PRINT:      
8040   D3 01                  OUT   (1),A   
8042   C9                     RET      
8043                             ; 
8043                PRINT_ARRAY:      
8043   E5                     PUSH   HL   
8044   C5                     PUSH   BC   
8045   21 10 80               LD   HL,Processed_Data   
8048   06 10                  LD   B,16   
804A   7E           PRINT_LOOP:   LD   A,(HL)   
804B   C5                     PUSH   BC   
804C   CD 20 80               CALL   Print_A_As_HEX   
804F   C1                     POP   BC   
8050   23                     INC   HL   
8051   05                     DEC   B   
8052   20 F6                  JR   NZ,Print_Loop   
8054                             ; 
8054   3E 0A                  LD   A,10   
8056   D3 01                  OUT   (1),A   
8058   C1                     POP   BC   
8059   E1                     POP   HL   
805A   C9                     RET      
805B                             ; 
805B                MAIN:        
805B   21 00 80               LD   HL,Original_Data   
805E   11 10 80               LD   DE,Processed_Data   
8061   01 10 00               LD   BC,16   
8064   ED B0                  LDIR      
8066                             ; 
8066   CD 43 80               CALL   Print_Array   
8069                             ; 
8069                SORT_OUTER_LOOP:      
8069   0E 00                  LD   C,0   
806B   21 10 80               LD   HL,Processed_Data   
806E   06 0F                  LD   B,15   
8070                             ; 
8070                SORT_INNER_LOOP:      
8070   7E                     LD   A,(HL)   
8071   23                     INC   HL   
8072   5E                     LD   E,(HL)   
8073   BB                     CP   E   
8074   28 08                  JR   Z,No_Swap   
8076   38 06                  JR   C,No_Swap   
8078                             ; 
8078   77                     LD   (HL),A   
8079   2B                     DEC   HL   
807A   73                     LD   (HL),E   
807B   23                     INC   HL   
807C   0E 01                  LD   C,1   
807E                             ; 
807E                NO_SWAP:      
807E   05                     DEC   B   
807F   20 EF                  JR   NZ,Sort_Inner_Loop   
8081                             ; 
8081   79                     LD   A,C   
8082   FE 00                  CP   0   
8084   28 07                  JR   Z,Done   
8086                             ; 
8086   C5                     PUSH   BC   
8087   CD 43 80               CALL   Print_Array   
808A   C1                     POP   BC   
808B   18 DC                  JR   Sort_Outer_Loop   
808D                             ; 
808D                DONE:        
808D   CD 43 80               CALL   Print_Array   
8090   76                     HALT      
8091                             ; 
8091                          .ENT   main   


ORIGINAL_DATA:      8000 DEFINED AT LINE 5
                    > USED AT LINE 56
PROCESSED_DATA:     8010 DEFINED AT LINE 6
                    > USED AT LINE 39
                    > USED AT LINE 57
                    > USED AT LINE 65
PRINT_A_AS_HEX:     8020 DEFINED AT LINE 8
                    > USED AT LINE 43
HIGH_DIGIT_0_9:     802F DEFINED AT LINE 19
                    > USED AT LINE 16
HIGH_PRINT:         8031 DEFINED AT LINE 21
                    > USED AT LINE 18
LOW_DIGIT_0_9:      803E DEFINED AT LINE 30
                    > USED AT LINE 27
LOW_PRINT:          8040 DEFINED AT LINE 32
                    > USED AT LINE 29
PRINT_ARRAY:        8043 DEFINED AT LINE 36
                    > USED AT LINE 61
                    > USED AT LINE 91
                    > USED AT LINE 96
PRINT_LOOP:         804A DEFINED AT LINE 41
                    > USED AT LINE 47
MAIN:               805B DEFINED AT LINE 55
                    > USED AT LINE 99
SORT_OUTER_LOOP:    8069 DEFINED AT LINE 63
                    > USED AT LINE 93
SORT_INNER_LOOP:    8070 DEFINED AT LINE 68
                    > USED AT LINE 84
NO_SWAP:            807E DEFINED AT LINE 82
                    > USED AT LINE 73
                    > USED AT LINE 74
DONE:               808D DEFINED AT LINE 95
                    > USED AT LINE 88
